===== Repository boundary =====
PYTHON_PREFIX=/workspace/huyawo-quant/.venv
HEAD=8303e261aa07b31fc870a141afd8ead11830f984
BRANCH=main
WORKTREE_CLEAN=True
STAGED_SCOPE_EMPTY=True
LLMCOMPRESSOR_VERSION=0.14.0

===== Non-uniform Dataset sampler control =====
SOURCE_ROW_IDS=[7, 2, 11, 4]
SOURCE_LENGTHS=[2, 5, 1, 3]
BACKEND_SAMPLER_TYPE=LengthAwareSampler
BACKEND_SAMPLER_INDICES=[1, 3, 0, 2]
BACKEND_SAMPLER_ROW_IDS=[2, 4, 7, 11]
BACKEND_DATASET_PATH_REORDERS_NONUNIFORM_INPUT=PROVEN

===== Huyawo-owned DataLoader pass-through proof =====
DATALOADER_IDENTITY_PRESERVED=True
DATALOADER_ROW_IDS=[7, 2, 11, 4]
DATALOADER_SEQUENCE_LENGTHS=[2, 5, 1, 3]
HUYAWO_DATALOADER_EXACT_ORDER=PASS
BACKEND_NUM_CALIBRATION_SAMPLES_BYPASSED_FOR_DATALOADER=PASS
BACKEND_SHUFFLE_BYPASSED_FOR_DATALOADER=PASS
BACKEND_MAX_SEQ_LENGTH_BYPASSED_FOR_DATALOADER=PASS
HUYAWO_MUST_OWN_SAMPLE_COUNT=true
HUYAWO_MUST_OWN_ORDER=true
HUYAWO_MUST_OWN_TRUNCATION=true

MODEL_LOAD_EXECUTED=false
DATASET_DOWNLOAD_EXECUTED=false
REAL_DATA_PREPROCESSING_EXECUTED=false
CALIBRATION_EXECUTED=false
QUANTIZATION_EXECUTED=false
ARTIFACT_WRITE_EXECUTED=false
BENCHMARK_EXECUTED=false
SOURCE_MUTATION_EXECUTED=false
STAGING_EXECUTED=false
COMMIT_EXECUTED=false
PUSH_EXECUTED=false
HUYAWO_QUANT_20261002_M10_INCREMENT_2_DATALOADER_BYPASS_PROOF_PASSED
POST_PROBE_WORKTREE_CLEAN=true
POST_PROBE_HEAD=8303e261aa07b31fc870a141afd8ead11830f984
